%!Adobe-FontList 1.18
%Locale:0x409

%BeginFont
Handler:DirectoryHandler
FontType:TrueType
FontName:Bernadette
FamilyName:Bernadette
StyleName:Regular
MenuName:Bernadette
StyleBits:0
WeightClass:400
WidthClass:5
AngleClass:0
FullName:Bernadette
WritingScript:Roman
OutlineFileName:\bernadette.ttf
DataFormat:sfntData
hasSVG:no
FileLength:71480
FileModTime:1481840301
NameArray:0,Mac,18,Bernadette
NameArray:0,Mac,4,Bernadette
NameArray:0,Win,1,Bernadette
NameArray:0,Win,16,Bernadette
%EndFont

%BeginFont
Handler:DirectoryHandler
FontType:Type1
FontName:Montserrat-Bold
FamilyName:Montserrat
StyleName:Bold
MenuName:Montserrat
StyleBits:2
WeightClass:700
WidthClass:5
AngleClass:0
FullName:Montserrat Bold
WritingScript:Roman
OutlineFileName:\Montserrat-Bold.otf
DataFormat:sfntData
UsesStandardEncoding:yes
isCFF:yes
hasSVG:no
FileLength:93452
FileModTime:1479618236
NameArray:0,Mac,4,Montserrat Bold
NameArray:0,Win,1,Montserrat
%EndFont

%BeginFont
Handler:DirectoryHandler
FontType:Type1
FontName:Montserrat-Light
FamilyName:Montserrat
StyleName:Light
MenuName:Montserrat Light
StyleBits:0
WeightClass:300
WidthClass:5
AngleClass:0
FullName:Montserrat Light
WritingScript:Roman
OutlineFileName:\Montserrat-Light.otf
DataFormat:sfntData
UsesStandardEncoding:yes
isCFF:yes
hasSVG:no
FileLength:91496
FileModTime:1479618236
NameArray:0,Mac,4,Montserrat Light
NameArray:0,Win,1,Montserrat Light
NameArray:0,Win,16,Montserrat
%EndFont

%BeginFont
Handler:DirectoryHandler
FontType:Type1
FontName:Montserrat-Regular
FamilyName:Montserrat
StyleName:Regular
MenuName:Montserrat
StyleBits:0
WeightClass:400
WidthClass:5
AngleClass:0
FullName:Montserrat Regular
WritingScript:Roman
OutlineFileName:\Montserrat-Regular.otf
DataFormat:sfntData
UsesStandardEncoding:yes
isCFF:yes
hasSVG:no
FileLength:93516
FileModTime:1479618236
NameArray:0,Mac,4,Montserrat Regular
NameArray:0,Win,1,Montserrat
%EndFont

